------------------------------------------------------------
Timing Analyzer Summary
------------------------------------------------------------

Type  : Slow 1200mV 85C Model Setup 'CLOCK_50'
Slack : -67.521
TNS   : -9602.286

Type  : Slow 1200mV 85C Model Setup 'adc_sck_reg'
Slack : -2.026
TNS   : -37.512

Type  : Slow 1200mV 85C Model Setup 'motor_controller:mc|frequency_scaling:fs|clk_out'
Slack : -0.797
TNS   : -2.119

Type  : Slow 1200mV 85C Model Hold 'CLOCK_50'
Slack : 0.284
TNS   : 0.000

Type  : Slow 1200mV 85C Model Hold 'adc_sck_reg'
Slack : 0.357
TNS   : 0.000

Type  : Slow 1200mV 85C Model Hold 'motor_controller:mc|frequency_scaling:fs|clk_out'
Slack : 0.358
TNS   : 0.000

Type  : Slow 1200mV 85C Model Recovery 'CLOCK_50'
Slack : -3.391
TNS   : -1166.860

Type  : Slow 1200mV 85C Model Removal 'CLOCK_50'
Slack : 2.774
TNS   : 0.000

Type  : Slow 1200mV 85C Model Minimum Pulse Width 'CLOCK_50'
Slack : -3.000
TNS   : -1300.000

Type  : Slow 1200mV 85C Model Minimum Pulse Width 'adc_sck_reg'
Slack : -1.000
TNS   : -33.000

Type  : Slow 1200mV 85C Model Minimum Pulse Width 'motor_controller:mc|frequency_scaling:fs|clk_out'
Slack : -1.000
TNS   : -6.000

Type  : Slow 1200mV 0C Model Setup 'CLOCK_50'
Slack : -60.299
TNS   : -8485.695

Type  : Slow 1200mV 0C Model Setup 'adc_sck_reg'
Slack : -1.735
TNS   : -31.072

Type  : Slow 1200mV 0C Model Setup 'motor_controller:mc|frequency_scaling:fs|clk_out'
Slack : -0.617
TNS   : -1.363

Type  : Slow 1200mV 0C Model Hold 'CLOCK_50'
Slack : 0.270
TNS   : 0.000

Type  : Slow 1200mV 0C Model Hold 'adc_sck_reg'
Slack : 0.312
TNS   : 0.000

Type  : Slow 1200mV 0C Model Hold 'motor_controller:mc|frequency_scaling:fs|clk_out'
Slack : 0.312
TNS   : 0.000

Type  : Slow 1200mV 0C Model Recovery 'CLOCK_50'
Slack : -2.926
TNS   : -1003.513

Type  : Slow 1200mV 0C Model Removal 'CLOCK_50'
Slack : 2.474
TNS   : 0.000

Type  : Slow 1200mV 0C Model Minimum Pulse Width 'CLOCK_50'
Slack : -3.000
TNS   : -1300.000

Type  : Slow 1200mV 0C Model Minimum Pulse Width 'adc_sck_reg'
Slack : -1.000
TNS   : -33.000

Type  : Slow 1200mV 0C Model Minimum Pulse Width 'motor_controller:mc|frequency_scaling:fs|clk_out'
Slack : -1.000
TNS   : -6.000

Type  : Fast 1200mV 0C Model Setup 'CLOCK_50'
Slack : -38.221
TNS   : -4932.228

Type  : Fast 1200mV 0C Model Setup 'adc_sck_reg'
Slack : -0.764
TNS   : -10.411

Type  : Fast 1200mV 0C Model Setup 'motor_controller:mc|frequency_scaling:fs|clk_out'
Slack : 0.014
TNS   : 0.000

Type  : Fast 1200mV 0C Model Hold 'CLOCK_50'
Slack : 0.152
TNS   : 0.000

Type  : Fast 1200mV 0C Model Hold 'motor_controller:mc|frequency_scaling:fs|clk_out'
Slack : 0.163
TNS   : 0.000

Type  : Fast 1200mV 0C Model Hold 'adc_sck_reg'
Slack : 0.184
TNS   : 0.000

Type  : Fast 1200mV 0C Model Recovery 'CLOCK_50'
Slack : -1.544
TNS   : -522.527

Type  : Fast 1200mV 0C Model Removal 'CLOCK_50'
Slack : 1.596
TNS   : 0.000

Type  : Fast 1200mV 0C Model Minimum Pulse Width 'CLOCK_50'
Slack : -3.000
TNS   : -1673.466

Type  : Fast 1200mV 0C Model Minimum Pulse Width 'adc_sck_reg'
Slack : -1.000
TNS   : -33.000

Type  : Fast 1200mV 0C Model Minimum Pulse Width 'motor_controller:mc|frequency_scaling:fs|clk_out'
Slack : -1.000
TNS   : -6.000

------------------------------------------------------------
